AR kcpsm3 low_level_definition D:/embedded_lab/test/filter_v3_test/kcpsm3.vhd sub00/vhpl01 1237565940
MO multiplier NULL D:/embedded_lab/test/filter_v3_test/multiplier.v vlg7B/multiplier.bin 1237565939
EN kcpsm3 NULL D:/embedded_lab/test/filter_v3_test/kcpsm3.vhd sub00/vhpl00 1237565939
MO filter NULL D:/embedded_lab/test/filter_v3_test/filter.v vlg72/filter.bin 1237565939
MO adda_ctr NULL D:/embedded_lab/test/filter_v3_test/ADDA_CTR.V vlg5A/adda__ctr.bin 1237565939
