AR kcpsm3 low_level_definition D:/Embedded_Filter_Assignment3/kcpsm3.vhd sub00/vhpl01 1239179033
MO Embedded_Filter_Assignment NULL D:/Embedded_Filter_Assignment3/Embedded_Filter_Assignment.v vlg37/_embedded___filter___assignment.bin 1239179032
EN kcpsm3 NULL D:/Embedded_Filter_Assignment3/kcpsm3.vhd sub00/vhpl00 1239179032
MO adda_ctr NULL D:/Embedded_Filter_Assignment3/ADDA_CTR.V vlg5A/adda__ctr.bin 1239179032
