MO mult NULL ../mult.v vlg36/mult.bin 1243590169
AR kcpsm3 low_level_definition D:/embedded_lab/test/filterCheby_vn7/kcpsm3.vhd sub00/vhpl01 1243590170
MO multALU NULL ../multALU.v vlg08/mult_a_l_u.bin 1243590169
EN kcpsm3 NULL D:/embedded_lab/test/filterCheby_vn7/kcpsm3.vhd sub00/vhpl00 1243590169
MO filter NULL ../filter.v vlg72/filter.bin 1243590169
MO adda_ctr NULL ../ADDA_CTR.V vlg5A/adda__ctr.bin 1243590169
