AR kcpsm3 low_level_definition D:/embedded_lab/test/filter_v5_test/kcpsm3.vhd sub00/vhpl01 1238568320
MO multiplier NULL D:/embedded_lab/test/filter_v5_test/multiplier.v vlg7B/multiplier.bin 1238568319
MO Butterfly_Mult_HalfAdder NULL D:/embedded_lab/test/filter_v5_test/Butterfly_Mult_HalfAdder.v vlg3C/_butterfly___mult___half_adder.bin 1237876856
MO Butterfly_Mult_FullAdder NULL D:/embedded_lab/test/filter_v5_test/Butterfly_Mult_FullAdder.v vlg3C/_butterfly___mult___full_adder.bin 1237876856
MO Butterfly_Mult_Wallace NULL D:/embedded_lab/test/filter_v5_test/Butterfly_Mult_Wallace.v vlg0A/_butterfly___mult___wallace.bin 1237876856
EN kcpsm3 NULL D:/embedded_lab/test/filter_v5_test/kcpsm3.vhd sub00/vhpl00 1238568319
MO filter NULL D:/embedded_lab/test/filter_v5_test/filter.v vlg72/filter.bin 1238568319
MO Butterfly_Mult_Wallace_Adder NULL D:/embedded_lab/test/filter_v5_test/Butterfly_Mult_Wallace_Adder.v vlg39/_butterfly___mult___wallace___adder.bin 1237876856
MO Butterfly_Mult_CLA16 NULL D:/embedded_lab/test/filter_v5_test/Butterfly_Mult_CLA16.v vlg0C/_butterfly___mult___c_l_a16.bin 1237876856
MO Butterfly_Mult_CLA4 NULL D:/embedded_lab/test/filter_v5_test/Butterfly_Mult_CLA4.v vlg61/_butterfly___mult___c_l_a4.bin 1237876856
MO adda_ctr NULL D:/work/ADDA_CTR.V vlg5A/adda__ctr.bin 1238568319
