--------------------------------------------------------------------------------
Release 8.1i Trace I.24
Copyright (c) 1995-2005 Xilinx, Inc.  All rights reserved.

D:\Xilinx\bin\nt\trce.exe -ise simple_counter.ise -intstyle ise -e 3 -l 3 -s 4
-xml simple_counter simple_counter.ncd -o simple_counter.twr simple_counter.pcf


Design file:              simple_counter.ncd
Physical constraint file: simple_counter.pcf
Device,speed:             xc3s500e,-4 (PRODUCTION 1.17 2005-11-04)
Report level:             error report

Environment Variable      Effect 
--------------------      ------ 
NONE                      No environment variables were set
--------------------------------------------------------------------------------

INFO:Timing:2752 - To get complete path coverage, use the unconstrained paths
   option. All paths that are not constrained will be reported in the
   unconstrained paths section(s) of the report.

================================================================================
Timing constraint: NET "clk_BUFGP/IBUFG" PERIOD = 20 ns HIGH 50%;

 1271 items analyzed, 0 timing errors detected. (0 setup errors, 0 hold errors)
 Minimum period is   6.534ns.
--------------------------------------------------------------------------------


All constraints were met.


Data Sheet report:
-----------------
All values displayed in nanoseconds (ns)

Clock to Setup on destination clock clk
---------------+---------+---------+---------+---------+
               | Src:Rise| Src:Fall| Src:Rise| Src:Fall|
Source Clock   |Dest:Rise|Dest:Rise|Dest:Fall|Dest:Fall|
---------------+---------+---------+---------+---------+
clk            |    6.534|         |         |         |
---------------+---------+---------+---------+---------+


Timing summary:
---------------

Timing errors: 0  Score: 0

Constraints cover 1271 paths, 0 nets, and 142 connections

Design statistics:
   Minimum period:   6.534ns (Maximum frequency: 153.046MHz)


Analysis completed Sun Mar 22 19:50:51 2009
--------------------------------------------------------------------------------



Peak Memory Usage: 125 MB
