MO mult NULL ../mult.v vlg36/mult.bin 1243317830
AR kcpsm3 low_level_definition D:/embedded_lab/test/filter_vn5_test/kcpsm3.vhd sub00/vhpl01 1243317832
MO multALU NULL ../multALU.v vlg08/mult_a_l_u.bin 1243317830
EN kcpsm3 NULL D:/embedded_lab/test/filter_vn5_test/kcpsm3.vhd sub00/vhpl00 1243317831
MO filter NULL ../filter.v vlg72/filter.bin 1243317830
MO adda_ctr NULL ../ADDA_CTR.V vlg5A/adda__ctr.bin 1243317830
