AR kcpsm3 low_level_definition D:/embedded_lab/test/filter_v4_test/kcpsm3.vhd sub00/vhpl01 1237874592
MO multiplier NULL D:/embedded_lab/test/filter_v4_test/multiplier.v vlg7B/multiplier.bin 1237627786
EN kcpsm3 NULL D:/embedded_lab/test/filter_v4_test/kcpsm3.vhd sub00/vhpl00 1237874591
MO filter NULL D:/embedded_lab/test/filter_v4_test/filter.v vlg72/filter.bin 1237874592
MO adda_ctr NULL D:/work/ADDA_CTR.V vlg5A/adda__ctr.bin 1237874592
